Created by PLY version 3.11 (http://www.dabeaz.com/ply)

Unused terminals:

    DQUOTES

Grammar

Rule 0     S' -> statement
Rule 1     statement -> NAME
Rule 2     statement -> IN
Rule 3     statement -> NAME IN
Rule 4     statement -> QUOTES statement QUOTES

Terminals, with rules where they appear

DQUOTES              : 
IN                   : 2 3
NAME                 : 1 3
QUOTES               : 4 4
error                : 

Nonterminals, with rules where they appear

statement            : 4 0

Parsing method: LALR

state 0

    (0) S' -> . statement
    (1) statement -> . NAME
    (2) statement -> . IN
    (3) statement -> . NAME IN
    (4) statement -> . QUOTES statement QUOTES

    NAME            shift and go to state 2
    IN              shift and go to state 3
    QUOTES          shift and go to state 4

    statement                      shift and go to state 1

state 1

    (0) S' -> statement .



state 2

    (1) statement -> NAME .
    (3) statement -> NAME . IN

    $end            reduce using rule 1 (statement -> NAME .)
    QUOTES          reduce using rule 1 (statement -> NAME .)
    IN              shift and go to state 5


state 3

    (2) statement -> IN .

    $end            reduce using rule 2 (statement -> IN .)
    QUOTES          reduce using rule 2 (statement -> IN .)


state 4

    (4) statement -> QUOTES . statement QUOTES
    (1) statement -> . NAME
    (2) statement -> . IN
    (3) statement -> . NAME IN
    (4) statement -> . QUOTES statement QUOTES

    NAME            shift and go to state 2
    IN              shift and go to state 3
    QUOTES          shift and go to state 4

    statement                      shift and go to state 6

state 5

    (3) statement -> NAME IN .

    $end            reduce using rule 3 (statement -> NAME IN .)
    QUOTES          reduce using rule 3 (statement -> NAME IN .)


state 6

    (4) statement -> QUOTES statement . QUOTES

    QUOTES          shift and go to state 7


state 7

    (4) statement -> QUOTES statement QUOTES .

    $end            reduce using rule 4 (statement -> QUOTES statement QUOTES .)
    QUOTES          reduce using rule 4 (statement -> QUOTES statement QUOTES .)

